// Jest Snapshot v1, https://goo.gl/fbAQLP

exports[` renders learn react link 1`] = `
<div>
  <div
    class="loader"
  />
</div>
`;

exports[`Render App App To be defined 1`] = `
<div>
  <div>
    <ul
      class="nav"
    >
      <li>
        <a
          class=""
          href="/StateOne"
          style="position: absolute; left: 20px; width: 100px; height: 120px; color: white;"
        >
          State One
        </a>
      </li>
      <br />
    </ul>
  </div>
</div>
`;

exports[`Render App Match Snapshot 1`] = `
<div>
  <div
    class="loader"
  />
</div>
`;

exports[`Render App Match Snapshot 2`] = `
<div>
  <div>
    <ul
      class="nav"
    >
      <li>
        <a
          class=""
          href="/StateOne"
          style="position: absolute; left: 20px; width: 100px; height: 120px; color: white;"
        >
          State One
        </a>
      </li>
      <br />
    </ul>
  </div>
</div>
`;

exports[`Render App renders learn react link 1`] = `
<div>
  <div
    class="loader"
  />
</div>
`;

exports[`renders learn react link 1`] = `
<div>
  <div
    class="loader"
  />
</div>
`;
